=== SERVER START 2026-05-19T12:42:37.993Z ===
12:43:01.626 === NEW CALL: Twilio WebSocket connected ===
12:43:01.908 STEP: Twilio stream STARTED — streamSid=MZ4fa433b51fe194eaa634cd5e8c1e09a4
12:43:01.909 STEP: agent_id from params = "b827222d-ff2a-4587-aa31-95dadccb3c57"
12:43:02.945 STEP: Got signed URL. Connecting to ElevenLabs agent: agent_8901krxv46tqee1s0qtvmqvr3t9g
12:43:03.422 STEP: ElevenLabs WebSocket OPENED successfully
12:43:03.423 STEP: Sent conversation_initiation_client_data
12:43:03.424 FLUSH 98 buffered chunks to ElevenLabs
12:43:03.428 EVENT: conversation_initiation_metadata — agent LIVE and READY
12:43:03.869 AGENT SAYS: Hello! How can I help you today?
12:43:04.145 ELEVENLABS CLOSED: code=1002 reason="This request exceeds your quota limit."
12:43:04.146 RECONNECT: ElevenLabs dropped — reconnecting in 1s...
12:43:05.930 STEP: Got signed URL. Connecting to ElevenLabs agent: agent_8901krxv46tqee1s0qtvmqvr3t9g
12:43:06.432 STEP: ElevenLabs WebSocket OPENED successfully
12:43:06.432 STEP: Sent conversation_initiation_client_data
12:43:06.433 FLUSH 100 buffered chunks to ElevenLabs
12:43:06.446 EVENT: conversation_initiation_metadata — agent LIVE and READY
12:43:06.895 AGENT SAYS: Hello! How can I help you today?
12:43:07.153 ELEVENLABS CLOSED: code=1002 reason="This request exceeds your quota limit."
12:43:07.154 RECONNECT: ElevenLabs dropped — reconnecting in 1s...
12:43:08.299 TWILIO STOP: Stream stopped by Twilio
12:43:09.033 STEP: Got signed URL. Connecting to ElevenLabs agent: agent_8901krxv46tqee1s0qtvmqvr3t9g
12:43:09.234 TWILIO WS CLOSED: code=1005 reason=""
12:43:09.235 ELEVENLABS WS ERROR: WebSocket was closed before the connection was established
12:43:09.235 ELEVENLABS CLOSED: code=1006 reason=""
